{
  "TextStyle": null,
  "RootAtom": {
    "PreviousAtom": null,
    "Elements": [
      {
        "Character": "1",
        "TextStyle": "text",
        "IsDefaultTextStyle": false,
        "IsTextSymbol": false,
        "Type": "Ordinary"
      },
      {
        "Character": "1",
        "TextStyle": null,
        "IsDefaultTextStyle": true,
        "IsTextSymbol": false,
        "Type": "Ordinary"
      },
      {
        "Character": "2",
        "TextStyle": null,
        "IsDefaultTextStyle": true,
        "IsTextSymbol": false,
        "Type": "Ordinary"
      },
      {
        "Character": "3",
        "TextStyle": null,
        "IsDefaultTextStyle": true,
        "IsTextSymbol": false,
        "Type": "Ordinary"
      }
    ],
    "Type": "Ordinary"
  }
}