{
  "Children": [
    {
      "Children": [],
      "Source": null,
      "Foreground": null,
      "Background": null,
      "Tag": null,
      "TotalHeight": 0.0,
      "TotalWidth": 0.04375,
      "Italic": 0.0,
      "Width": 0.04375,
      "Height": 0.0,
      "Depth": 0.0,
      "Shift": 0.0
    },
    {
      "Children": [
        {
          "Children": [],
          "Source": null,
          "Foreground": null,
          "Background": null,
          "Tag": null,
          "TotalHeight": 0.175,
          "TotalWidth": 0.0,
          "Italic": 0.0,
          "Width": 0.0,
          "Height": 0.175,
          "Depth": 0.0,
          "Shift": 0.0
        },
        {
          "Children": [
            {
              "Children": [],
              "Source": null,
              "Foreground": null,
              "Background": null,
              "Tag": "CellLeftPad0:0",
              "TotalHeight": 0.0,
              "TotalWidth": 0.175,
              "Italic": 0.0,
              "Width": 0.175,
              "Height": 0.0,
              "Depth": 0.0,
              "Shift": 0.81944400000000006
            },
            {
              "Children": [
                {
                  "Children": [],
                  "Source": null,
                  "Foreground": null,
                  "Background": null,
                  "Tag": "CellTopPad0:0",
                  "TotalHeight": 0.17499999999999993,
                  "TotalWidth": 0.500002,
                  "Italic": 0.0,
                  "Width": 0.500002,
                  "Height": 0.17499999999999993,
                  "Depth": 0.0,
                  "Shift": 0.0
                },
                {
                  "Character": {
                    "Character": "1",
                    "Font": "pack://application:,,,/WpfMath;component/Fonts/cmr10.ttf",
                    "Size": 1.0,
                    "Metrics": {
                      "Width": 0.500002,
                      "Height": 0.644444,
                      "Depth": 0.0,
                      "Italic": 0.0
                    },
                    "FontId": 1
                  },
                  "Children": [],
                  "Source": {
                    "Start": 9,
                    "End": 10,
                    "Length": 1,
                    "Source": "\\matrix{ 1 & 2 & 3 \\\\ 4 & {\\matrix{ 5 \\\\ 6 }} & 7 }"
                  },
                  "Foreground": null,
                  "Background": null,
                  "Tag": "innercell",
                  "TotalHeight": 0.644444,
                  "TotalWidth": 0.500002,
                  "Italic": 0.0,
                  "Width": 0.500002,
                  "Height": 0.644444,
                  "Depth": 0.0,
                  "Shift": 0.0
                },
                {
                  "Children": [],
                  "Source": null,
                  "Foreground": null,
                  "Background": null,
                  "Tag": "CellBottomPad0:0",
                  "TotalHeight": 0.17499999999999993,
                  "TotalWidth": 0.500002,
                  "Italic": 0.0,
                  "Width": 0.500002,
                  "Height": 0.17499999999999993,
                  "Depth": 0.0,
                  "Shift": 0.0
                }
              ],
              "Source": null,
              "Foreground": null,
              "Background": null,
              "Tag": "Cell0:0",
              "TotalHeight": 0.99444400000000011,
              "TotalWidth": 0.500002,
              "Italic": 0.0,
              "Width": 0.500002,
              "Height": 0.175,
              "Depth": 0.81944400000000006,
              "Shift": 0.0
            },
            {
              "Children": [],
              "Source": null,
              "Foreground": null,
              "Background": null,
              "Tag": "CellRightPad0:0",
              "TotalHeight": 0.0,
              "TotalWidth": 0.175,
              "Italic": 0.0,
              "Width": 0.175,
              "Height": 0.0,
              "Depth": 0.0,
              "Shift": 0.81944400000000006
            },
            {
              "Children": [],
              "Source": null,
              "Foreground": null,
              "Background": null,
              "Tag": "CellLeftPad0:1",
              "TotalHeight": 0.0,
              "TotalWidth": 0.39374999999999993,
              "Italic": 0.0,
              "Width": 0.39374999999999993,
              "Height": 0.0,
              "Depth": 0.0,
              "Shift": 0.81944400000000006
            },
            {
              "Children": [
                {
                  "Children": [],
                  "Source": null,
                  "Foreground": null,
                  "Background": null,
                  "Tag": "CellTopPad0:1",
                  "TotalHeight": 0.17499999999999993,
                  "TotalWidth": 0.500002,
                  "Italic": 0.0,
                  "Width": 0.500002,
                  "Height": 0.17499999999999993,
                  "Depth": 0.0,
                  "Shift": 0.0
                },
                {
                  "Character": {
                    "Character": "2",
                    "Font": "pack://application:,,,/WpfMath;component/Fonts/cmr10.ttf",
                    "Size": 1.0,
                    "Metrics": {
                      "Width": 0.500002,
                      "Height": 0.644444,
                      "Depth": 0.0,
                      "Italic": 0.0
                    },
                    "FontId": 1
                  },
                  "Children": [],
                  "Source": {
                    "Start": 13,
                    "End": 14,
                    "Length": 1,
                    "Source": "\\matrix{ 1 & 2 & 3 \\\\ 4 & {\\matrix{ 5 \\\\ 6 }} & 7 }"
                  },
                  "Foreground": null,
                  "Background": null,
                  "Tag": "innercell",
                  "TotalHeight": 0.644444,
                  "TotalWidth": 0.500002,
                  "Italic": 0.0,
                  "Width": 0.500002,
                  "Height": 0.644444,
                  "Depth": 0.0,
                  "Shift": 0.0
                },
                {
                  "Children": [],
                  "Source": null,
                  "Foreground": null,
                  "Background": null,
                  "Tag": "CellBottomPad0:1",
                  "TotalHeight": 0.17499999999999993,
                  "TotalWidth": 0.500002,
                  "Italic": 0.0,
                  "Width": 0.500002,
                  "Height": 0.17499999999999993,
                  "Depth": 0.0,
                  "Shift": 0.0
                }
              ],
              "Source": null,
              "Foreground": null,
              "Background": null,
              "Tag": "Cell0:1",
              "TotalHeight": 0.99444400000000011,
              "TotalWidth": 0.500002,
              "Italic": 0.0,
              "Width": 0.500002,
              "Height": 0.175,
              "Depth": 0.81944400000000006,
              "Shift": 0.0
            },
            {
              "Children": [],
              "Source": null,
              "Foreground": null,
              "Background": null,
              "Tag": "CellRightPad0:1",
              "TotalHeight": 0.0,
              "TotalWidth": 0.39374999999999993,
              "Italic": 0.0,
              "Width": 0.39374999999999993,
              "Height": 0.0,
              "Depth": 0.0,
              "Shift": 0.81944400000000006
            },
            {
              "Children": [],
              "Source": null,
              "Foreground": null,
              "Background": null,
              "Tag": "CellLeftPad0:2",
              "TotalHeight": 0.0,
              "TotalWidth": 0.175,
              "Italic": 0.0,
              "Width": 0.175,
              "Height": 0.0,
              "Depth": 0.0,
              "Shift": 0.81944400000000006
            },
            {
              "Children": [
                {
                  "Children": [],
                  "Source": null,
                  "Foreground": null,
                  "Background": null,
                  "Tag": "CellTopPad0:2",
                  "TotalHeight": 0.17499999999999993,
                  "TotalWidth": 0.500002,
                  "Italic": 0.0,
                  "Width": 0.500002,
                  "Height": 0.17499999999999993,
                  "Depth": 0.0,
                  "Shift": 0.0
                },
                {
                  "Character": {
                    "Character": "3",
                    "Font": "pack://application:,,,/WpfMath;component/Fonts/cmr10.ttf",
                    "Size": 1.0,
                    "Metrics": {
                      "Width": 0.500002,
                      "Height": 0.644444,
                      "Depth": 0.0,
                      "Italic": 0.0
                    },
                    "FontId": 1
                  },
                  "Children": [],
                  "Source": {
                    "Start": 17,
                    "End": 18,
                    "Length": 1,
                    "Source": "\\matrix{ 1 & 2 & 3 \\\\ 4 & {\\matrix{ 5 \\\\ 6 }} & 7 }"
                  },
                  "Foreground": null,
                  "Background": null,
                  "Tag": "innercell",
                  "TotalHeight": 0.644444,
                  "TotalWidth": 0.500002,
                  "Italic": 0.0,
                  "Width": 0.500002,
                  "Height": 0.644444,
                  "Depth": 0.0,
                  "Shift": 0.0
                },
                {
                  "Children": [],
                  "Source": null,
                  "Foreground": null,
                  "Background": null,
                  "Tag": "CellBottomPad0:2",
                  "TotalHeight": 0.17499999999999993,
                  "TotalWidth": 0.500002,
                  "Italic": 0.0,
                  "Width": 0.500002,
                  "Height": 0.17499999999999993,
                  "Depth": 0.0,
                  "Shift": 0.0
                }
              ],
              "Source": null,
              "Foreground": null,
              "Background": null,
              "Tag": "Cell0:2",
              "TotalHeight": 0.99444400000000011,
              "TotalWidth": 0.500002,
              "Italic": 0.0,
              "Width": 0.500002,
              "Height": 0.175,
              "Depth": 0.81944400000000006,
              "Shift": 0.0
            },
            {
              "Children": [],
              "Source": null,
              "Foreground": null,
              "Background": null,
              "Tag": "CellRightPad0:2",
              "TotalHeight": 0.0,
              "TotalWidth": 0.175,
              "Italic": 0.0,
              "Width": 0.175,
              "Height": 0.0,
              "Depth": 0.0,
              "Shift": 0.81944400000000006
            }
          ],
          "Source": null,
          "Foreground": null,
          "Background": null,
          "Tag": "Row:0",
          "TotalHeight": 0.99444400000000011,
          "TotalWidth": 2.9875059999999989,
          "Italic": 0.0,
          "Width": 2.9875059999999989,
          "Height": 0.175,
          "Depth": 0.81944400000000006,
          "Shift": 0.0
        },
        {
          "Children": [],
          "Source": null,
          "Foreground": null,
          "Background": null,
          "Tag": null,
          "TotalHeight": 0.175,
          "TotalWidth": 0.0,
          "Italic": 0.0,
          "Width": 0.0,
          "Height": 0.175,
          "Depth": 0.0,
          "Shift": 0.0
        },
        {
          "Children": [],
          "Source": null,
          "Foreground": null,
          "Background": null,
          "Tag": null,
          "TotalHeight": 0.175,
          "TotalWidth": 0.0,
          "Italic": 0.0,
          "Width": 0.0,
          "Height": 0.175,
          "Depth": 0.0,
          "Shift": 0.0
        },
        {
          "Children": [
            {
              "Children": [],
              "Source": null,
              "Foreground": null,
              "Background": null,
              "Tag": "CellLeftPad1:0",
              "TotalHeight": 0.0,
              "TotalWidth": 0.175,
              "Italic": 0.0,
              "Width": 0.175,
              "Height": 0.0,
              "Depth": 0.0,
              "Shift": 1.8416660000000002
            },
            {
              "Children": [
                {
                  "Children": [],
                  "Source": null,
                  "Foreground": null,
                  "Background": null,
                  "Tag": "CellTopPad1:0",
                  "TotalHeight": 1.1972220000000002,
                  "TotalWidth": 0.500002,
                  "Italic": 0.0,
                  "Width": 0.500002,
                  "Height": 1.1972220000000002,
                  "Depth": 0.0,
                  "Shift": 0.0
                },
                {
                  "Character": {
                    "Character": "4",
                    "Font": "pack://application:,,,/WpfMath;component/Fonts/cmr10.ttf",
                    "Size": 1.0,
                    "Metrics": {
                      "Width": 0.500002,
                      "Height": 0.644444,
                      "Depth": 0.0,
                      "Italic": 0.0
                    },
                    "FontId": 1
                  },
                  "Children": [],
                  "Source": {
                    "Start": 22,
                    "End": 23,
                    "Length": 1,
                    "Source": "\\matrix{ 1 & 2 & 3 \\\\ 4 & {\\matrix{ 5 \\\\ 6 }} & 7 }"
                  },
                  "Foreground": null,
                  "Background": null,
                  "Tag": "innercell",
                  "TotalHeight": 0.644444,
                  "TotalWidth": 0.500002,
                  "Italic": 0.0,
                  "Width": 0.500002,
                  "Height": 0.644444,
                  "Depth": 0.0,
                  "Shift": 0.0
                },
                {
                  "Children": [],
                  "Source": null,
                  "Foreground": null,
                  "Background": null,
                  "Tag": "CellBottomPad1:0",
                  "TotalHeight": 1.1972220000000002,
                  "TotalWidth": 0.500002,
                  "Italic": 0.0,
                  "Width": 0.500002,
                  "Height": 1.1972220000000002,
                  "Depth": 0.0,
                  "Shift": 0.0
                }
              ],
              "Source": null,
              "Foreground": null,
              "Background": null,
              "Tag": "Cell1:0",
              "TotalHeight": 0.99444400000000011,
              "TotalWidth": 0.500002,
              "Italic": 0.0,
              "Width": 0.500002,
              "Height": 0.175,
              "Depth": 0.81944400000000006,
              "Shift": 0.0
            },
            {
              "Children": [],
              "Source": null,
              "Foreground": null,
              "Background": null,
              "Tag": "CellRightPad1:0",
              "TotalHeight": 0.0,
              "TotalWidth": 0.175,
              "Italic": 0.0,
              "Width": 0.175,
              "Height": 0.0,
              "Depth": 0.0,
              "Shift": 1.8416660000000002
            },
            {
              "Children": [],
              "Source": null,
              "Foreground": null,
              "Background": null,
              "Tag": "CellLeftPad1:1",
              "TotalHeight": 0.0,
              "TotalWidth": 0.175,
              "Italic": 0.0,
              "Width": 0.175,
              "Height": 0.0,
              "Depth": 0.0,
              "Shift": 2.863888
            },
            {
              "Children": [
                {
                  "Children": [],
                  "Source": null,
                  "Foreground": null,
                  "Background": null,
                  "Tag": "CellTopPad1:1",
                  "TotalHeight": 0.17500000000000021,
                  "TotalWidth": 0.93750199999999984,
                  "Italic": 0.0,
                  "Width": 0.93750199999999984,
                  "Height": 0.17500000000000021,
                  "Depth": 0.0,
                  "Shift": 0.0
                },
                {
                  "Children": [
                    {
                      "Children": [],
                      "Source": null,
                      "Foreground": null,
                      "Background": null,
                      "Tag": null,
                      "TotalHeight": 0.0,
                      "TotalWidth": 0.04375,
                      "Italic": 0.0,
                      "Width": 0.04375,
                      "Height": 0.0,
                      "Depth": 0.0,
                      "Shift": 0.0
                    },
                    {
                      "Children": [
                        {
                          "Children": [],
                          "Source": null,
                          "Foreground": null,
                          "Background": null,
                          "Tag": null,
                          "TotalHeight": 0.175,
                          "TotalWidth": 0.0,
                          "Italic": 0.0,
                          "Width": 0.0,
                          "Height": 0.175,
                          "Depth": 0.0,
                          "Shift": 0.0
                        },
                        {
                          "Children": [
                            {
                              "Children": [],
                              "Source": null,
                              "Foreground": null,
                              "Background": null,
                              "Tag": "CellLeftPad0:0",
                              "TotalHeight": 0.0,
                              "TotalWidth": 0.175,
                              "Italic": 0.0,
                              "Width": 0.175,
                              "Height": 0.0,
                              "Depth": 0.0,
                              "Shift": 0.81944400000000006
                            },
                            {
                              "Children": [
                                {
                                  "Children": [],
                                  "Source": null,
                                  "Foreground": null,
                                  "Background": null,
                                  "Tag": "CellTopPad0:0",
                                  "TotalHeight": 0.17499999999999993,
                                  "TotalWidth": 0.500002,
                                  "Italic": 0.0,
                                  "Width": 0.500002,
                                  "Height": 0.17499999999999993,
                                  "Depth": 0.0,
                                  "Shift": 0.0
                                },
                                {
                                  "Character": {
                                    "Character": "5",
                                    "Font": "pack://application:,,,/WpfMath;component/Fonts/cmr10.ttf",
                                    "Size": 1.0,
                                    "Metrics": {
                                      "Width": 0.500002,
                                      "Height": 0.644444,
                                      "Depth": 0.0,
                                      "Italic": 0.0
                                    },
                                    "FontId": 1
                                  },
                                  "Children": [],
                                  "Source": {
                                    "Start": 36,
                                    "End": 37,
                                    "Length": 1,
                                    "Source": "\\matrix{ 1 & 2 & 3 \\\\ 4 & {\\matrix{ 5 \\\\ 6 }} & 7 }"
                                  },
                                  "Foreground": null,
                                  "Background": null,
                                  "Tag": "innercell",
                                  "TotalHeight": 0.644444,
                                  "TotalWidth": 0.500002,
                                  "Italic": 0.0,
                                  "Width": 0.500002,
                                  "Height": 0.644444,
                                  "Depth": 0.0,
                                  "Shift": 0.0
                                },
                                {
                                  "Children": [],
                                  "Source": null,
                                  "Foreground": null,
                                  "Background": null,
                                  "Tag": "CellBottomPad0:0",
                                  "TotalHeight": 0.17499999999999993,
                                  "TotalWidth": 0.500002,
                                  "Italic": 0.0,
                                  "Width": 0.500002,
                                  "Height": 0.17499999999999993,
                                  "Depth": 0.0,
                                  "Shift": 0.0
                                }
                              ],
                              "Source": null,
                              "Foreground": null,
                              "Background": null,
                              "Tag": "Cell0:0",
                              "TotalHeight": 0.99444400000000011,
                              "TotalWidth": 0.500002,
                              "Italic": 0.0,
                              "Width": 0.500002,
                              "Height": 0.175,
                              "Depth": 0.81944400000000006,
                              "Shift": 0.0
                            },
                            {
                              "Children": [],
                              "Source": null,
                              "Foreground": null,
                              "Background": null,
                              "Tag": "CellRightPad0:0",
                              "TotalHeight": 0.0,
                              "TotalWidth": 0.175,
                              "Italic": 0.0,
                              "Width": 0.175,
                              "Height": 0.0,
                              "Depth": 0.0,
                              "Shift": 0.81944400000000006
                            }
                          ],
                          "Source": null,
                          "Foreground": null,
                          "Background": null,
                          "Tag": "Row:0",
                          "TotalHeight": 0.99444400000000011,
                          "TotalWidth": 0.85000199999999992,
                          "Italic": 0.0,
                          "Width": 0.85000199999999992,
                          "Height": 0.175,
                          "Depth": 0.81944400000000006,
                          "Shift": 0.0
                        },
                        {
                          "Children": [],
                          "Source": null,
                          "Foreground": null,
                          "Background": null,
                          "Tag": null,
                          "TotalHeight": 0.175,
                          "TotalWidth": 0.0,
                          "Italic": 0.0,
                          "Width": 0.0,
                          "Height": 0.175,
                          "Depth": 0.0,
                          "Shift": 0.0
                        },
                        {
                          "Children": [],
                          "Source": null,
                          "Foreground": null,
                          "Background": null,
                          "Tag": null,
                          "TotalHeight": 0.175,
                          "TotalWidth": 0.0,
                          "Italic": 0.0,
                          "Width": 0.0,
                          "Height": 0.175,
                          "Depth": 0.0,
                          "Shift": 0.0
                        },
                        {
                          "Children": [
                            {
                              "Children": [],
                              "Source": null,
                              "Foreground": null,
                              "Background": null,
                              "Tag": "CellLeftPad1:0",
                              "TotalHeight": 0.0,
                              "TotalWidth": 0.175,
                              "Italic": 0.0,
                              "Width": 0.175,
                              "Height": 0.0,
                              "Depth": 0.0,
                              "Shift": 0.81944400000000006
                            },
                            {
                              "Children": [
                                {
                                  "Children": [],
                                  "Source": null,
                                  "Foreground": null,
                                  "Background": null,
                                  "Tag": "CellTopPad1:0",
                                  "TotalHeight": 0.17499999999999993,
                                  "TotalWidth": 0.500002,
                                  "Italic": 0.0,
                                  "Width": 0.500002,
                                  "Height": 0.17499999999999993,
                                  "Depth": 0.0,
                                  "Shift": 0.0
                                },
                                {
                                  "Character": {
                                    "Character": "6",
                                    "Font": "pack://application:,,,/WpfMath;component/Fonts/cmr10.ttf",
                                    "Size": 1.0,
                                    "Metrics": {
                                      "Width": 0.500002,
                                      "Height": 0.644444,
                                      "Depth": 0.0,
                                      "Italic": 0.0
                                    },
                                    "FontId": 1
                                  },
                                  "Children": [],
                                  "Source": {
                                    "Start": 41,
                                    "End": 42,
                                    "Length": 1,
                                    "Source": "\\matrix{ 1 & 2 & 3 \\\\ 4 & {\\matrix{ 5 \\\\ 6 }} & 7 }"
                                  },
                                  "Foreground": null,
                                  "Background": null,
                                  "Tag": "innercell",
                                  "TotalHeight": 0.644444,
                                  "TotalWidth": 0.500002,
                                  "Italic": 0.0,
                                  "Width": 0.500002,
                                  "Height": 0.644444,
                                  "Depth": 0.0,
                                  "Shift": 0.0
                                },
                                {
                                  "Children": [],
                                  "Source": null,
                                  "Foreground": null,
                                  "Background": null,
                                  "Tag": "CellBottomPad1:0",
                                  "TotalHeight": 0.17499999999999993,
                                  "TotalWidth": 0.500002,
                                  "Italic": 0.0,
                                  "Width": 0.500002,
                                  "Height": 0.17499999999999993,
                                  "Depth": 0.0,
                                  "Shift": 0.0
                                }
                              ],
                              "Source": null,
                              "Foreground": null,
                              "Background": null,
                              "Tag": "Cell1:0",
                              "TotalHeight": 0.99444400000000011,
                              "TotalWidth": 0.500002,
                              "Italic": 0.0,
                              "Width": 0.500002,
                              "Height": 0.175,
                              "Depth": 0.81944400000000006,
                              "Shift": 0.0
                            },
                            {
                              "Children": [],
                              "Source": null,
                              "Foreground": null,
                              "Background": null,
                              "Tag": "CellRightPad1:0",
                              "TotalHeight": 0.0,
                              "TotalWidth": 0.175,
                              "Italic": 0.0,
                              "Width": 0.175,
                              "Height": 0.0,
                              "Depth": 0.0,
                              "Shift": 0.81944400000000006
                            }
                          ],
                          "Source": null,
                          "Foreground": null,
                          "Background": null,
                          "Tag": "Row:1",
                          "TotalHeight": 0.99444400000000011,
                          "TotalWidth": 0.85000199999999992,
                          "Italic": 0.0,
                          "Width": 0.85000199999999992,
                          "Height": 0.175,
                          "Depth": 0.81944400000000006,
                          "Shift": 0.0
                        },
                        {
                          "Children": [],
                          "Source": null,
                          "Foreground": null,
                          "Background": null,
                          "Tag": null,
                          "TotalHeight": 0.175,
                          "TotalWidth": 0.0,
                          "Italic": 0.0,
                          "Width": 0.0,
                          "Height": 0.175,
                          "Depth": 0.0,
                          "Shift": 0.0
                        }
                      ],
                      "Source": null,
                      "Foreground": null,
                      "Background": null,
                      "Tag": null,
                      "TotalHeight": 2.6888880000000004,
                      "TotalWidth": 0.85000199999999992,
                      "Italic": 0.0,
                      "Width": 0.85000199999999992,
                      "Height": 2.6888880000000004,
                      "Depth": 0.0,
                      "Shift": 1.2194440000000002
                    },
                    {
                      "Children": [],
                      "Source": null,
                      "Foreground": null,
                      "Background": null,
                      "Tag": null,
                      "TotalHeight": 0.0,
                      "TotalWidth": 0.04375,
                      "Italic": 0.0,
                      "Width": 0.04375,
                      "Height": 0.0,
                      "Depth": 0.0,
                      "Shift": 0.0
                    }
                  ],
                  "Source": {
                    "Start": 35,
                    "End": 43,
                    "Length": 8,
                    "Source": "\\matrix{ 1 & 2 & 3 \\\\ 4 & {\\matrix{ 5 \\\\ 6 }} & 7 }"
                  },
                  "Foreground": null,
                  "Background": null,
                  "Tag": "innercell",
                  "TotalHeight": 2.6888880000000004,
                  "TotalWidth": 0.93750199999999984,
                  "Italic": 0.0,
                  "Width": 0.93750199999999984,
                  "Height": 1.4694440000000002,
                  "Depth": 1.2194440000000002,
                  "Shift": 0.0
                },
                {
                  "Children": [],
                  "Source": null,
                  "Foreground": null,
                  "Background": null,
                  "Tag": "CellBottomPad1:1",
                  "TotalHeight": 0.17500000000000021,
                  "TotalWidth": 0.93750199999999984,
                  "Italic": 0.0,
                  "Width": 0.93750199999999984,
                  "Height": 0.17500000000000021,
                  "Depth": 0.0,
                  "Shift": 0.0
                }
              ],
              "Source": null,
              "Foreground": null,
              "Background": null,
              "Tag": "Cell1:1",
              "TotalHeight": 3.038888,
              "TotalWidth": 0.93750199999999984,
              "Italic": 0.0,
              "Width": 0.93750199999999984,
              "Height": 0.175,
              "Depth": 2.863888,
              "Shift": 0.0
            },
            {
              "Children": [],
              "Source": null,
              "Foreground": null,
              "Background": null,
              "Tag": "CellRightPad1:1",
              "TotalHeight": 0.0,
              "TotalWidth": 0.175,
              "Italic": 0.0,
              "Width": 0.175,
              "Height": 0.0,
              "Depth": 0.0,
              "Shift": 2.863888
            },
            {
              "Children": [],
              "Source": null,
              "Foreground": null,
              "Background": null,
              "Tag": "CellLeftPad1:2",
              "TotalHeight": 0.0,
              "TotalWidth": 0.175,
              "Italic": 0.0,
              "Width": 0.175,
              "Height": 0.0,
              "Depth": 0.0,
              "Shift": 1.8416660000000002
            },
            {
              "Children": [
                {
                  "Children": [],
                  "Source": null,
                  "Foreground": null,
                  "Background": null,
                  "Tag": "CellTopPad1:2",
                  "TotalHeight": 1.1972220000000002,
                  "TotalWidth": 0.500002,
                  "Italic": 0.0,
                  "Width": 0.500002,
                  "Height": 1.1972220000000002,
                  "Depth": 0.0,
                  "Shift": 0.0
                },
                {
                  "Character": {
                    "Character": "7",
                    "Font": "pack://application:,,,/WpfMath;component/Fonts/cmr10.ttf",
                    "Size": 1.0,
                    "Metrics": {
                      "Width": 0.500002,
                      "Height": 0.644444,
                      "Depth": 0.0,
                      "Italic": 0.0
                    },
                    "FontId": 1
                  },
                  "Children": [],
                  "Source": {
                    "Start": 48,
                    "End": 49,
                    "Length": 1,
                    "Source": "\\matrix{ 1 & 2 & 3 \\\\ 4 & {\\matrix{ 5 \\\\ 6 }} & 7 }"
                  },
                  "Foreground": null,
                  "Background": null,
                  "Tag": "innercell",
                  "TotalHeight": 0.644444,
                  "TotalWidth": 0.500002,
                  "Italic": 0.0,
                  "Width": 0.500002,
                  "Height": 0.644444,
                  "Depth": 0.0,
                  "Shift": 0.0
                },
                {
                  "Children": [],
                  "Source": null,
                  "Foreground": null,
                  "Background": null,
                  "Tag": "CellBottomPad1:2",
                  "TotalHeight": 1.1972220000000002,
                  "TotalWidth": 0.500002,
                  "Italic": 0.0,
                  "Width": 0.500002,
                  "Height": 1.1972220000000002,
                  "Depth": 0.0,
                  "Shift": 0.0
                }
              ],
              "Source": null,
              "Foreground": null,
              "Background": null,
              "Tag": "Cell1:2",
              "TotalHeight": 0.99444400000000011,
              "TotalWidth": 0.500002,
              "Italic": 0.0,
              "Width": 0.500002,
              "Height": 0.175,
              "Depth": 0.81944400000000006,
              "Shift": 0.0
            },
            {
              "Children": [],
              "Source": null,
              "Foreground": null,
              "Background": null,
              "Tag": "CellRightPad1:2",
              "TotalHeight": 0.0,
              "TotalWidth": 0.175,
              "Italic": 0.0,
              "Width": 0.175,
              "Height": 0.0,
              "Depth": 0.0,
              "Shift": 1.8416660000000002
            }
          ],
          "Source": null,
          "Foreground": null,
          "Background": null,
          "Tag": "Row:1",
          "TotalHeight": 3.038888,
          "TotalWidth": 2.9875059999999993,
          "Italic": 0.0,
          "Width": 2.9875059999999993,
          "Height": 0.175,
          "Depth": 2.863888,
          "Shift": 0.0
        },
        {
          "Children": [],
          "Source": null,
          "Foreground": null,
          "Background": null,
          "Tag": null,
          "TotalHeight": 0.175,
          "TotalWidth": 0.0,
          "Italic": 0.0,
          "Width": 0.0,
          "Height": 0.175,
          "Depth": 0.0,
          "Shift": 0.0
        }
      ],
      "Source": null,
      "Foreground": null,
      "Background": null,
      "Tag": null,
      "TotalHeight": 4.7333320000000008,
      "TotalWidth": 2.9875059999999993,
      "Italic": 0.0,
      "Width": 2.9875059999999993,
      "Height": 4.7333320000000008,
      "Depth": 0.0,
      "Shift": 2.2416660000000004
    },
    {
      "Children": [],
      "Source": null,
      "Foreground": null,
      "Background": null,
      "Tag": null,
      "TotalHeight": 0.0,
      "TotalWidth": 0.04375,
      "Italic": 0.0,
      "Width": 0.04375,
      "Height": 0.0,
      "Depth": 0.0,
      "Shift": 0.0
    }
  ],
  "Source": {
    "Start": 8,
    "End": 50,
    "Length": 42,
    "Source": "\\matrix{ 1 & 2 & 3 \\\\ 4 & {\\matrix{ 5 \\\\ 6 }} & 7 }"
  },
  "Foreground": null,
  "Background": null,
  "Tag": null,
  "TotalHeight": 4.7333320000000008,
  "TotalWidth": 3.0750059999999997,
  "Italic": 0.0,
  "Width": 3.0750059999999997,
  "Height": 2.4916660000000004,
  "Depth": 2.2416660000000004,
  "Shift": 0.0
}