{
  "Children": [
    {
      "Character": {
        "Character": "(",
        "Font": "pack://application:,,,/WpfMath;component/Fonts/cmex10.ttf",
        "Size": 1.0,
        "Metrics": {
          "Width": 0.80556,
          "Height": 0.039999,
          "Depth": 2.9600315,
          "Italic": 0.0
        },
        "FontId": 2
      },
      "Children": [],
      "Source": null,
      "Foreground": null,
      "Background": null,
      "Tag": null,
      "TotalHeight": 3.0000305,
      "TotalWidth": 0.80556,
      "Italic": 0.0,
      "Width": 0.80556,
      "Height": 0.039999,
      "Depth": 2.9600315,
      "Shift": -1.71001625
    },
    {
      "Stretch": 0.0,
      "Shrink": 0.0,
      "Children": [],
      "Source": null,
      "Foreground": null,
      "Background": null,
      "Tag": null,
      "TotalHeight": 0.0,
      "TotalWidth": 0.0,
      "Italic": 0.0,
      "Width": 0.0,
      "Height": 0.0,
      "Depth": 0.0,
      "Shift": 0.0
    },
    {
      "Children": [
        {
          "Children": [
            {
              "Children": [],
              "Source": null,
              "Foreground": null,
              "Background": null,
              "Tag": "CellLeftPad0:0",
              "TotalHeight": 0.0,
              "TotalWidth": 0.175,
              "Italic": 0.0,
              "Width": 0.175,
              "Height": 0.0,
              "Depth": 0.0,
              "Shift": 0.60555500000000007
            },
            {
              "Children": [
                {
                  "Children": [],
                  "Source": null,
                  "Foreground": null,
                  "Background": null,
                  "Tag": "CellTopPad0:0",
                  "TotalHeight": 0.175,
                  "TotalWidth": 0.52859,
                  "Italic": 0.0,
                  "Width": 0.52859,
                  "Height": 0.175,
                  "Depth": 0.0,
                  "Shift": 0.0
                },
                {
                  "Character": {
                    "Character": "a",
                    "Font": "pack://application:,,,/WpfMath;component/Fonts/cmmi10.ttf",
                    "Size": 1.0,
                    "Metrics": {
                      "Width": 0.52859,
                      "Height": 0.430555,
                      "Depth": 0.0,
                      "Italic": 0.0
                    },
                    "FontId": 0
                  },
                  "Children": [],
                  "Source": {
                    "Start": 7,
                    "End": 8,
                    "Length": 1,
                    "Source": "\\cases{a \\\\ b \\\\ c}"
                  },
                  "Foreground": null,
                  "Background": null,
                  "Tag": "innercell",
                  "TotalHeight": 0.430555,
                  "TotalWidth": 0.52859,
                  "Italic": 0.0,
                  "Width": 0.52859,
                  "Height": 0.430555,
                  "Depth": 0.0,
                  "Shift": 0.0
                },
                {
                  "Children": [],
                  "Source": null,
                  "Foreground": null,
                  "Background": null,
                  "Tag": "CellBottomPad0:0",
                  "TotalHeight": 0.175,
                  "TotalWidth": 0.52859,
                  "Italic": 0.0,
                  "Width": 0.52859,
                  "Height": 0.175,
                  "Depth": 0.0,
                  "Shift": 0.0
                }
              ],
              "Source": null,
              "Foreground": null,
              "Background": null,
              "Tag": "Cell0:0",
              "TotalHeight": 0.78055500000000011,
              "TotalWidth": 0.52859,
              "Italic": 0.0,
              "Width": 0.52859,
              "Height": 0.175,
              "Depth": 0.60555500000000007,
              "Shift": 0.0
            },
            {
              "Children": [],
              "Source": null,
              "Foreground": null,
              "Background": null,
              "Tag": "CellRightPad0:0",
              "TotalHeight": 0.0,
              "TotalWidth": 0.175,
              "Italic": 0.0,
              "Width": 0.175,
              "Height": 0.0,
              "Depth": 0.0,
              "Shift": 0.60555500000000007
            }
          ],
          "Source": null,
          "Foreground": null,
          "Background": null,
          "Tag": null,
          "TotalHeight": 0.78055500000000011,
          "TotalWidth": 0.87859,
          "Italic": 0.0,
          "Width": 0.87859,
          "Height": 0.175,
          "Depth": 0.60555500000000007,
          "Shift": 0.0
        },
        {
          "Children": [
            {
              "Children": [],
              "Source": null,
              "Foreground": null,
              "Background": null,
              "Tag": "CellLeftPad1:0",
              "TotalHeight": 0.0,
              "TotalWidth": 0.175,
              "Italic": 0.0,
              "Width": 0.175,
              "Height": 0.0,
              "Depth": 0.0,
              "Shift": 0.869445
            },
            {
              "Children": [
                {
                  "Children": [],
                  "Source": null,
                  "Foreground": null,
                  "Background": null,
                  "Tag": "CellTopPad1:0",
                  "TotalHeight": 0.175,
                  "TotalWidth": 0.429167,
                  "Italic": 0.0,
                  "Width": 0.429167,
                  "Height": 0.175,
                  "Depth": 0.0,
                  "Shift": 0.0
                },
                {
                  "Character": {
                    "Character": "b",
                    "Font": "pack://application:,,,/WpfMath;component/Fonts/cmmi10.ttf",
                    "Size": 1.0,
                    "Metrics": {
                      "Width": 0.429167,
                      "Height": 0.694445,
                      "Depth": 0.0,
                      "Italic": 0.0
                    },
                    "FontId": 0
                  },
                  "Children": [],
                  "Source": {
                    "Start": 12,
                    "End": 13,
                    "Length": 1,
                    "Source": "\\cases{a \\\\ b \\\\ c}"
                  },
                  "Foreground": null,
                  "Background": null,
                  "Tag": "innercell",
                  "TotalHeight": 0.694445,
                  "TotalWidth": 0.429167,
                  "Italic": 0.0,
                  "Width": 0.429167,
                  "Height": 0.694445,
                  "Depth": 0.0,
                  "Shift": 0.0
                },
                {
                  "Children": [],
                  "Source": null,
                  "Foreground": null,
                  "Background": null,
                  "Tag": "CellBottomPad1:0",
                  "TotalHeight": 0.175,
                  "TotalWidth": 0.429167,
                  "Italic": 0.0,
                  "Width": 0.429167,
                  "Height": 0.175,
                  "Depth": 0.0,
                  "Shift": 0.0
                }
              ],
              "Source": null,
              "Foreground": null,
              "Background": null,
              "Tag": "Cell1:0",
              "TotalHeight": 1.044445,
              "TotalWidth": 0.429167,
              "Italic": 0.0,
              "Width": 0.429167,
              "Height": 0.175,
              "Depth": 0.869445,
              "Shift": 0.0
            },
            {
              "Children": [],
              "Source": null,
              "Foreground": null,
              "Background": null,
              "Tag": "CellRightPad1:0",
              "TotalHeight": 0.0,
              "TotalWidth": 0.274423,
              "Italic": 0.0,
              "Width": 0.274423,
              "Height": 0.0,
              "Depth": 0.0,
              "Shift": 0.869445
            }
          ],
          "Source": null,
          "Foreground": null,
          "Background": null,
          "Tag": null,
          "TotalHeight": 1.044445,
          "TotalWidth": 0.87859,
          "Italic": 0.0,
          "Width": 0.87859,
          "Height": 0.175,
          "Depth": 0.869445,
          "Shift": 0.0
        },
        {
          "Children": [
            {
              "Children": [],
              "Source": null,
              "Foreground": null,
              "Background": null,
              "Tag": "CellLeftPad2:0",
              "TotalHeight": 0.0,
              "TotalWidth": 0.175,
              "Italic": 0.0,
              "Width": 0.175,
              "Height": 0.0,
              "Depth": 0.0,
              "Shift": 0.60555500000000007
            },
            {
              "Children": [
                {
                  "Children": [],
                  "Source": null,
                  "Foreground": null,
                  "Background": null,
                  "Tag": "CellTopPad2:0",
                  "TotalHeight": 0.175,
                  "TotalWidth": 0.432756,
                  "Italic": 0.0,
                  "Width": 0.432756,
                  "Height": 0.175,
                  "Depth": 0.0,
                  "Shift": 0.0
                },
                {
                  "Character": {
                    "Character": "c",
                    "Font": "pack://application:,,,/WpfMath;component/Fonts/cmmi10.ttf",
                    "Size": 1.0,
                    "Metrics": {
                      "Width": 0.432756,
                      "Height": 0.430555,
                      "Depth": 0.0,
                      "Italic": 0.0
                    },
                    "FontId": 0
                  },
                  "Children": [],
                  "Source": {
                    "Start": 17,
                    "End": 18,
                    "Length": 1,
                    "Source": "\\cases{a \\\\ b \\\\ c}"
                  },
                  "Foreground": null,
                  "Background": null,
                  "Tag": "innercell",
                  "TotalHeight": 0.430555,
                  "TotalWidth": 0.432756,
                  "Italic": 0.0,
                  "Width": 0.432756,
                  "Height": 0.430555,
                  "Depth": 0.0,
                  "Shift": 0.0
                },
                {
                  "Children": [],
                  "Source": null,
                  "Foreground": null,
                  "Background": null,
                  "Tag": "CellBottomPad2:0",
                  "TotalHeight": 0.175,
                  "TotalWidth": 0.432756,
                  "Italic": 0.0,
                  "Width": 0.432756,
                  "Height": 0.175,
                  "Depth": 0.0,
                  "Shift": 0.0
                }
              ],
              "Source": null,
              "Foreground": null,
              "Background": null,
              "Tag": "Cell2:0",
              "TotalHeight": 0.78055500000000011,
              "TotalWidth": 0.432756,
              "Italic": 0.0,
              "Width": 0.432756,
              "Height": 0.175,
              "Depth": 0.60555500000000007,
              "Shift": 0.0
            },
            {
              "Children": [],
              "Source": null,
              "Foreground": null,
              "Background": null,
              "Tag": "CellRightPad2:0",
              "TotalHeight": 0.0,
              "TotalWidth": 0.270834,
              "Italic": 0.0,
              "Width": 0.270834,
              "Height": 0.0,
              "Depth": 0.0,
              "Shift": 0.60555500000000007
            }
          ],
          "Source": null,
          "Foreground": null,
          "Background": null,
          "Tag": null,
          "TotalHeight": 0.78055500000000011,
          "TotalWidth": 0.87859,
          "Italic": 0.0,
          "Width": 0.87859,
          "Height": 0.175,
          "Depth": 0.60555500000000007,
          "Shift": 0.0
        }
      ],
      "Source": {
        "Start": 7,
        "End": 18,
        "Length": 11,
        "Source": "\\cases{a \\\\ b \\\\ c}"
      },
      "Foreground": null,
      "Background": null,
      "Tag": null,
      "TotalHeight": 2.6055550000000003,
      "TotalWidth": 0.87859,
      "Italic": 0.0,
      "Width": 0.87859,
      "Height": 1.3027775000000001,
      "Depth": 1.3027775000000001,
      "Shift": 0.0
    },
    {
      "Stretch": 0.0,
      "Shrink": 0.0,
      "Children": [],
      "Source": null,
      "Foreground": null,
      "Background": null,
      "Tag": null,
      "TotalHeight": 0.0,
      "TotalWidth": 0.0,
      "Italic": 0.0,
      "Width": 0.0,
      "Height": 0.0,
      "Depth": 0.0,
      "Shift": 0.0
    }
  ],
  "Source": {
    "Start": 7,
    "End": 18,
    "Length": 11,
    "Source": "\\cases{a \\\\ b \\\\ c}"
  },
  "Foreground": null,
  "Background": null,
  "Tag": null,
  "TotalHeight": 3.05279275,
  "TotalWidth": 1.68415,
  "Italic": 0.0,
  "Width": 1.68415,
  "Height": 1.75001525,
  "Depth": 1.3027775000000001,
  "Shift": 0.0
}