{
  "TextStyle": null,
  "RootAtom": {
    "RowAtom": {
      "PreviousAtom": null,
      "Elements": [
        {
          "Character": "x",
          "TextStyle": null,
          "IsDefaultTextStyle": true,
          "IsTextSymbol": false,
          "Type": "Ordinary",
          "Source": {
            "Start": 19,
            "End": 20,
            "Length": 1,
            "Source": "\\colorbox [] {red} x"
          }
        }
      ],
      "Type": "Ordinary",
      "Source": {
        "Start": 1,
        "End": 20,
        "Length": 19,
        "Source": "\\colorbox [] {red} x"
      }
    },
    "Background": "#FFED1B23",
    "Foreground": null,
    "Type": "Ordinary",
    "Source": {
      "Start": 1,
      "End": 20,
      "Length": 19,
      "Source": "\\colorbox [] {red} x"
    }
  }
}