{
  "TextStyle": null,
  "RootAtom": {
    "RowAtom": {
      "PreviousAtom": null,
      "Elements": [
        {
          "Character": "x",
          "TextStyle": null,
          "IsDefaultTextStyle": true,
          "IsTextSymbol": false,
          "Type": "Ordinary",
          "Source": {
            "Start": 35,
            "End": 36,
            "Length": 1,
            "Source": "\\color [cmyk] {0.5, 0.5, 0.5, 0.5} x"
          }
        }
      ],
      "Type": "Ordinary",
      "Source": {
        "Start": 1,
        "End": 36,
        "Length": 35,
        "Source": "\\color [cmyk] {0.5, 0.5, 0.5, 0.5} x"
      }
    },
    "Background": null,
    "Foreground": "#FF404040",
    "Type": "Ordinary",
    "Source": {
      "Start": 1,
      "End": 36,
      "Length": 35,
      "Source": "\\color [cmyk] {0.5, 0.5, 0.5, 0.5} x"
    }
  }
}