{
  "TextStyle": null,
  "RootAtom": {
    "BaseAtom": {
      "Character": "a",
      "TextStyle": null,
      "IsDefaultTextStyle": true,
      "IsTextSymbol": false,
      "Type": "Ordinary",
      "Source": {
        "Start": 7,
        "End": 8,
        "Length": 1,
        "Source": "\\left\\{a\\right\\}"
      }
    },
    "LeftDelimeter": {
      "IsDelimeter": true,
      "Name": "lbrace",
      "IsTextSymbol": false,
      "Type": "Opening",
      "Source": {
        "Start": 1,
        "End": 7,
        "Length": 6,
        "Source": "\\left\\{a\\right\\}"
      }
    },
    "RightDelimeter": {
      "IsDelimeter": true,
      "Name": "rbrace",
      "IsTextSymbol": false,
      "Type": "Closing",
      "Source": {
        "Start": 9,
        "End": 16,
        "Length": 7,
        "Source": "\\left\\{a\\right\\}"
      }
    },
    "Type": "Ordinary",
    "Source": {
      "Start": 1,
      "End": 16,
      "Length": 15,
      "Source": "\\left\\{a\\right\\}"
    }
  }
}