{
  "TextStyle": null,
  "RootAtom": {
    "MatrixCells": [
      [
        {
          "BaseAtom": {
            "MatrixCells": [
              [
                {
                  "PreviousAtom": null,
                  "Elements": [
                    {
                      "Character": "l",
                      "TextStyle": null,
                      "IsDefaultTextStyle": true,
                      "IsTextSymbol": false,
                      "Type": "Ordinary",
                      "Source": {
                        "Start": 9,
                        "End": 10,
                        "Length": 1,
                        "Source": "\\pmatrix{line 1}\\\\line 2"
                      }
                    },
                    {
                      "Character": "i",
                      "TextStyle": null,
                      "IsDefaultTextStyle": true,
                      "IsTextSymbol": false,
                      "Type": "Ordinary",
                      "Source": {
                        "Start": 10,
                        "End": 11,
                        "Length": 1,
                        "Source": "\\pmatrix{line 1}\\\\line 2"
                      }
                    },
                    {
                      "Character": "n",
                      "TextStyle": null,
                      "IsDefaultTextStyle": true,
                      "IsTextSymbol": false,
                      "Type": "Ordinary",
                      "Source": {
                        "Start": 11,
                        "End": 12,
                        "Length": 1,
                        "Source": "\\pmatrix{line 1}\\\\line 2"
                      }
                    },
                    {
                      "Character": "e",
                      "TextStyle": null,
                      "IsDefaultTextStyle": true,
                      "IsTextSymbol": false,
                      "Type": "Ordinary",
                      "Source": {
                        "Start": 12,
                        "End": 13,
                        "Length": 1,
                        "Source": "\\pmatrix{line 1}\\\\line 2"
                      }
                    },
                    {
                      "Character": "1",
                      "TextStyle": null,
                      "IsDefaultTextStyle": true,
                      "IsTextSymbol": false,
                      "Type": "Ordinary",
                      "Source": {
                        "Start": 14,
                        "End": 15,
                        "Length": 1,
                        "Source": "\\pmatrix{line 1}\\\\line 2"
                      }
                    }
                  ],
                  "Type": "Ordinary",
                  "Source": {
                    "Start": 9,
                    "End": 15,
                    "Length": 6,
                    "Source": "\\pmatrix{line 1}\\\\line 2"
                  }
                }
              ]
            ],
            "VerticalPadding": 0.35,
            "HorizontalPadding": 0.35,
            "MatrixCellAlignment": "Center",
            "Type": "Ordinary",
            "Source": {
              "Start": 1,
              "End": 16,
              "Length": 15,
              "Source": "\\pmatrix{line 1}\\\\line 2"
            }
          },
          "LeftDelimeter": {
            "IsDelimeter": true,
            "Name": "lbrack",
            "IsTextSymbol": false,
            "Type": "Opening",
            "Source": null
          },
          "RightDelimeter": {
            "IsDelimeter": true,
            "Name": "rbrack",
            "IsTextSymbol": false,
            "Type": "Closing",
            "Source": null
          },
          "Type": "Ordinary",
          "Source": {
            "Start": 1,
            "End": 16,
            "Length": 15,
            "Source": "\\pmatrix{line 1}\\\\line 2"
          }
        }
      ],
      [
        {
          "PreviousAtom": null,
          "Elements": [
            {
              "Character": "l",
              "TextStyle": null,
              "IsDefaultTextStyle": true,
              "IsTextSymbol": false,
              "Type": "Ordinary",
              "Source": {
                "Start": 18,
                "End": 19,
                "Length": 1,
                "Source": "\\pmatrix{line 1}\\\\line 2"
              }
            },
            {
              "Character": "i",
              "TextStyle": null,
              "IsDefaultTextStyle": true,
              "IsTextSymbol": false,
              "Type": "Ordinary",
              "Source": {
                "Start": 19,
                "End": 20,
                "Length": 1,
                "Source": "\\pmatrix{line 1}\\\\line 2"
              }
            },
            {
              "Character": "n",
              "TextStyle": null,
              "IsDefaultTextStyle": true,
              "IsTextSymbol": false,
              "Type": "Ordinary",
              "Source": {
                "Start": 20,
                "End": 21,
                "Length": 1,
                "Source": "\\pmatrix{line 1}\\\\line 2"
              }
            },
            {
              "Character": "e",
              "TextStyle": null,
              "IsDefaultTextStyle": true,
              "IsTextSymbol": false,
              "Type": "Ordinary",
              "Source": {
                "Start": 21,
                "End": 22,
                "Length": 1,
                "Source": "\\pmatrix{line 1}\\\\line 2"
              }
            },
            {
              "Character": "2",
              "TextStyle": null,
              "IsDefaultTextStyle": true,
              "IsTextSymbol": false,
              "Type": "Ordinary",
              "Source": {
                "Start": 23,
                "End": 24,
                "Length": 1,
                "Source": "\\pmatrix{line 1}\\\\line 2"
              }
            }
          ],
          "Type": "Ordinary",
          "Source": {
            "Start": 18,
            "End": 24,
            "Length": 6,
            "Source": "\\pmatrix{line 1}\\\\line 2"
          }
        }
      ]
    ],
    "VerticalPadding": 0.35,
    "HorizontalPadding": 0.35,
    "MatrixCellAlignment": "Left",
    "Type": "Ordinary",
    "Source": null
  }
}