{
  "TextStyle": null,
  "RootAtom": {
    "RowAtom": {
      "PreviousAtom": null,
      "Elements": [
        {
          "Character": "x",
          "TextStyle": null,
          "IsDefaultTextStyle": true,
          "IsTextSymbol": false,
          "Type": "Ordinary",
          "Source": {
            "Start": 25,
            "End": 26,
            "Length": 1,
            "Source": "\\color [HTML] {abcdef19} x"
          }
        }
      ],
      "Type": "Ordinary",
      "Source": {
        "Start": 1,
        "End": 26,
        "Length": 25,
        "Source": "\\color [HTML] {abcdef19} x"
      }
    },
    "Background": null,
    "Foreground": "#19000000",
    "Type": "Ordinary",
    "Source": {
      "Start": 1,
      "End": 26,
      "Length": 25,
      "Source": "\\color [HTML] {abcdef19} x"
    }
  }
}