{
  "TextStyle": null,
  "RootAtom": {
    "MatrixCells": [
      [
        {
          "Character": "4",
          "TextStyle": null,
          "IsDefaultTextStyle": true,
          "IsTextSymbol": false,
          "Type": "Ordinary",
          "Source": {
            "Start": 8,
            "End": 9,
            "Length": 1,
            "Source": "\\matrix{4&78&3\\\\ 57 & {\\matrix{78 \\\\ 12}}  & 20782 }"
          }
        },
        {
          "PreviousAtom": null,
          "Elements": [
            {
              "Character": "7",
              "TextStyle": null,
              "IsDefaultTextStyle": true,
              "IsTextSymbol": false,
              "Type": "Ordinary",
              "Source": {
                "Start": 10,
                "End": 11,
                "Length": 1,
                "Source": "\\matrix{4&78&3\\\\ 57 & {\\matrix{78 \\\\ 12}}  & 20782 }"
              }
            },
            {
              "Character": "8",
              "TextStyle": null,
              "IsDefaultTextStyle": true,
              "IsTextSymbol": false,
              "Type": "Ordinary",
              "Source": {
                "Start": 11,
                "End": 12,
                "Length": 1,
                "Source": "\\matrix{4&78&3\\\\ 57 & {\\matrix{78 \\\\ 12}}  & 20782 }"
              }
            }
          ],
          "Type": "Ordinary",
          "Source": {
            "Start": 10,
            "End": 12,
            "Length": 2,
            "Source": "\\matrix{4&78&3\\\\ 57 & {\\matrix{78 \\\\ 12}}  & 20782 }"
          }
        },
        {
          "Character": "3",
          "TextStyle": null,
          "IsDefaultTextStyle": true,
          "IsTextSymbol": false,
          "Type": "Ordinary",
          "Source": {
            "Start": 13,
            "End": 14,
            "Length": 1,
            "Source": "\\matrix{4&78&3\\\\ 57 & {\\matrix{78 \\\\ 12}}  & 20782 }"
          }
        }
      ],
      [
        {
          "PreviousAtom": null,
          "Elements": [
            {
              "Character": "5",
              "TextStyle": null,
              "IsDefaultTextStyle": true,
              "IsTextSymbol": false,
              "Type": "Ordinary",
              "Source": {
                "Start": 17,
                "End": 18,
                "Length": 1,
                "Source": "\\matrix{4&78&3\\\\ 57 & {\\matrix{78 \\\\ 12}}  & 20782 }"
              }
            },
            {
              "Character": "7",
              "TextStyle": null,
              "IsDefaultTextStyle": true,
              "IsTextSymbol": false,
              "Type": "Ordinary",
              "Source": {
                "Start": 18,
                "End": 19,
                "Length": 1,
                "Source": "\\matrix{4&78&3\\\\ 57 & {\\matrix{78 \\\\ 12}}  & 20782 }"
              }
            }
          ],
          "Type": "Ordinary",
          "Source": {
            "Start": 16,
            "End": 20,
            "Length": 4,
            "Source": "\\matrix{4&78&3\\\\ 57 & {\\matrix{78 \\\\ 12}}  & 20782 }"
          }
        },
        {
          "Atom": {
            "MatrixCells": [
              [
                {
                  "PreviousAtom": null,
                  "Elements": [
                    {
                      "Character": "7",
                      "TextStyle": null,
                      "IsDefaultTextStyle": true,
                      "IsTextSymbol": false,
                      "Type": "Ordinary",
                      "Source": {
                        "Start": 31,
                        "End": 32,
                        "Length": 1,
                        "Source": "\\matrix{4&78&3\\\\ 57 & {\\matrix{78 \\\\ 12}}  & 20782 }"
                      }
                    },
                    {
                      "Character": "8",
                      "TextStyle": null,
                      "IsDefaultTextStyle": true,
                      "IsTextSymbol": false,
                      "Type": "Ordinary",
                      "Source": {
                        "Start": 32,
                        "End": 33,
                        "Length": 1,
                        "Source": "\\matrix{4&78&3\\\\ 57 & {\\matrix{78 \\\\ 12}}  & 20782 }"
                      }
                    }
                  ],
                  "Type": "Ordinary",
                  "Source": {
                    "Start": 31,
                    "End": 34,
                    "Length": 3,
                    "Source": "\\matrix{4&78&3\\\\ 57 & {\\matrix{78 \\\\ 12}}  & 20782 }"
                  }
                }
              ],
              [
                {
                  "PreviousAtom": null,
                  "Elements": [
                    {
                      "Character": "1",
                      "TextStyle": null,
                      "IsDefaultTextStyle": true,
                      "IsTextSymbol": false,
                      "Type": "Ordinary",
                      "Source": {
                        "Start": 37,
                        "End": 38,
                        "Length": 1,
                        "Source": "\\matrix{4&78&3\\\\ 57 & {\\matrix{78 \\\\ 12}}  & 20782 }"
                      }
                    },
                    {
                      "Character": "2",
                      "TextStyle": null,
                      "IsDefaultTextStyle": true,
                      "IsTextSymbol": false,
                      "Type": "Ordinary",
                      "Source": {
                        "Start": 38,
                        "End": 39,
                        "Length": 1,
                        "Source": "\\matrix{4&78&3\\\\ 57 & {\\matrix{78 \\\\ 12}}  & 20782 }"
                      }
                    }
                  ],
                  "Type": "Ordinary",
                  "Source": {
                    "Start": 36,
                    "End": 39,
                    "Length": 3,
                    "Source": "\\matrix{4&78&3\\\\ 57 & {\\matrix{78 \\\\ 12}}  & 20782 }"
                  }
                }
              ]
            ],
            "VerticalPadding": 0.35,
            "HorizontalPadding": 0.35,
            "VerticalAlignment": "Center",
            "HorizontalAlignment": "Center",
            "Type": "Ordinary",
            "Source": {
              "Start": 31,
              "End": 39,
              "Length": 8,
              "Source": "\\matrix{4&78&3\\\\ 57 & {\\matrix{78 \\\\ 12}}  & 20782 }"
            }
          },
          "LeftType": "Ordinary",
          "RightType": "Ordinary",
          "Type": "Ordinary",
          "Source": {
            "Start": 31,
            "End": 39,
            "Length": 8,
            "Source": "\\matrix{4&78&3\\\\ 57 & {\\matrix{78 \\\\ 12}}  & 20782 }"
          }
        },
        {
          "PreviousAtom": null,
          "Elements": [
            {
              "Character": "2",
              "TextStyle": null,
              "IsDefaultTextStyle": true,
              "IsTextSymbol": false,
              "Type": "Ordinary",
              "Source": {
                "Start": 45,
                "End": 46,
                "Length": 1,
                "Source": "\\matrix{4&78&3\\\\ 57 & {\\matrix{78 \\\\ 12}}  & 20782 }"
              }
            },
            {
              "Character": "0",
              "TextStyle": null,
              "IsDefaultTextStyle": true,
              "IsTextSymbol": false,
              "Type": "Ordinary",
              "Source": {
                "Start": 46,
                "End": 47,
                "Length": 1,
                "Source": "\\matrix{4&78&3\\\\ 57 & {\\matrix{78 \\\\ 12}}  & 20782 }"
              }
            },
            {
              "Character": "7",
              "TextStyle": null,
              "IsDefaultTextStyle": true,
              "IsTextSymbol": false,
              "Type": "Ordinary",
              "Source": {
                "Start": 47,
                "End": 48,
                "Length": 1,
                "Source": "\\matrix{4&78&3\\\\ 57 & {\\matrix{78 \\\\ 12}}  & 20782 }"
              }
            },
            {
              "Character": "8",
              "TextStyle": null,
              "IsDefaultTextStyle": true,
              "IsTextSymbol": false,
              "Type": "Ordinary",
              "Source": {
                "Start": 48,
                "End": 49,
                "Length": 1,
                "Source": "\\matrix{4&78&3\\\\ 57 & {\\matrix{78 \\\\ 12}}  & 20782 }"
              }
            },
            {
              "Character": "2",
              "TextStyle": null,
              "IsDefaultTextStyle": true,
              "IsTextSymbol": false,
              "Type": "Ordinary",
              "Source": {
                "Start": 49,
                "End": 50,
                "Length": 1,
                "Source": "\\matrix{4&78&3\\\\ 57 & {\\matrix{78 \\\\ 12}}  & 20782 }"
              }
            }
          ],
          "Type": "Ordinary",
          "Source": {
            "Start": 44,
            "End": 51,
            "Length": 7,
            "Source": "\\matrix{4&78&3\\\\ 57 & {\\matrix{78 \\\\ 12}}  & 20782 }"
          }
        }
      ]
    ],
    "VerticalPadding": 0.35,
    "HorizontalPadding": 0.35,
    "VerticalAlignment": "Center",
    "HorizontalAlignment": "Center",
    "Type": "Ordinary",
    "Source": {
      "Start": 8,
      "End": 51,
      "Length": 43,
      "Source": "\\matrix{4&78&3\\\\ 57 & {\\matrix{78 \\\\ 12}}  & 20782 }"
    }
  }
}