{
  "TextStyle": null,
  "RootAtom": {
    "PreviousAtom": null,
    "Elements": [
      {
        "Character": "f",
        "TextStyle": null,
        "IsDefaultTextStyle": true,
        "IsTextSymbol": false,
        "Type": "Ordinary",
        "Source": {
          "Start": 0,
          "End": 1,
          "Length": 1,
          "Source": "f(x) = \\cases{1/3 & if \\thinspace 0\\le x\\le 1;\\cr 2/3 & if \\thinspace 3\\le x \\le 4; \\cr 0 & elsewhere.\\cr}"
        }
      },
      {
        "IsDelimeter": true,
        "Name": "(",
        "IsTextSymbol": false,
        "Type": "Opening",
        "Source": {
          "Start": 1,
          "End": 2,
          "Length": 1,
          "Source": "f(x) = \\cases{1/3 & if \\thinspace 0\\le x\\le 1;\\cr 2/3 & if \\thinspace 3\\le x \\le 4; \\cr 0 & elsewhere.\\cr}"
        }
      },
      {
        "Character": "x",
        "TextStyle": null,
        "IsDefaultTextStyle": true,
        "IsTextSymbol": false,
        "Type": "Ordinary",
        "Source": {
          "Start": 2,
          "End": 3,
          "Length": 1,
          "Source": "f(x) = \\cases{1/3 & if \\thinspace 0\\le x\\le 1;\\cr 2/3 & if \\thinspace 3\\le x \\le 4; \\cr 0 & elsewhere.\\cr}"
        }
      },
      {
        "IsDelimeter": true,
        "Name": ")",
        "IsTextSymbol": false,
        "Type": "Closing",
        "Source": {
          "Start": 3,
          "End": 4,
          "Length": 1,
          "Source": "f(x) = \\cases{1/3 & if \\thinspace 0\\le x\\le 1;\\cr 2/3 & if \\thinspace 3\\le x \\le 4; \\cr 0 & elsewhere.\\cr}"
        }
      },
      {
        "IsDelimeter": false,
        "Name": "equals",
        "IsTextSymbol": false,
        "Type": "Relation",
        "Source": {
          "Start": 5,
          "End": 6,
          "Length": 1,
          "Source": "f(x) = \\cases{1/3 & if \\thinspace 0\\le x\\le 1;\\cr 2/3 & if \\thinspace 3\\le x \\le 4; \\cr 0 & elsewhere.\\cr}"
        }
      },
      {
        "BaseAtom": {
          "MatrixCells": [
            [
              {
                "PreviousAtom": null,
                "Elements": [
                  {
                    "Character": "1",
                    "TextStyle": null,
                    "IsDefaultTextStyle": true,
                    "IsTextSymbol": false,
                    "Type": "Ordinary",
                    "Source": {
                      "Start": 14,
                      "End": 15,
                      "Length": 1,
                      "Source": "f(x) = \\cases{1/3 & if \\thinspace 0\\le x\\le 1;\\cr 2/3 & if \\thinspace 3\\le x \\le 4; \\cr 0 & elsewhere.\\cr}"
                    }
                  },
                  {
                    "IsDelimeter": false,
                    "Name": "slash",
                    "IsTextSymbol": false,
                    "Type": "Ordinary",
                    "Source": {
                      "Start": 15,
                      "End": 16,
                      "Length": 1,
                      "Source": "f(x) = \\cases{1/3 & if \\thinspace 0\\le x\\le 1;\\cr 2/3 & if \\thinspace 3\\le x \\le 4; \\cr 0 & elsewhere.\\cr}"
                    }
                  },
                  {
                    "Character": "3",
                    "TextStyle": null,
                    "IsDefaultTextStyle": true,
                    "IsTextSymbol": false,
                    "Type": "Ordinary",
                    "Source": {
                      "Start": 16,
                      "End": 17,
                      "Length": 1,
                      "Source": "f(x) = \\cases{1/3 & if \\thinspace 0\\le x\\le 1;\\cr 2/3 & if \\thinspace 3\\le x \\le 4; \\cr 0 & elsewhere.\\cr}"
                    }
                  }
                ],
                "Type": "Ordinary",
                "Source": {
                  "Start": 14,
                  "End": 18,
                  "Length": 4,
                  "Source": "f(x) = \\cases{1/3 & if \\thinspace 0\\le x\\le 1;\\cr 2/3 & if \\thinspace 3\\le x \\le 4; \\cr 0 & elsewhere.\\cr}"
                }
              },
              {
                "PreviousAtom": null,
                "Elements": [
                  {
                    "Character": "i",
                    "TextStyle": null,
                    "IsDefaultTextStyle": true,
                    "IsTextSymbol": false,
                    "Type": "Ordinary",
                    "Source": {
                      "Start": 20,
                      "End": 21,
                      "Length": 1,
                      "Source": "f(x) = \\cases{1/3 & if \\thinspace 0\\le x\\le 1;\\cr 2/3 & if \\thinspace 3\\le x \\le 4; \\cr 0 & elsewhere.\\cr}"
                    }
                  },
                  {
                    "Character": "f",
                    "TextStyle": null,
                    "IsDefaultTextStyle": true,
                    "IsTextSymbol": false,
                    "Type": "Ordinary",
                    "Source": {
                      "Start": 21,
                      "End": 22,
                      "Length": 1,
                      "Source": "f(x) = \\cases{1/3 & if \\thinspace 0\\le x\\le 1;\\cr 2/3 & if \\thinspace 3\\le x \\le 4; \\cr 0 & elsewhere.\\cr}"
                    }
                  },
                  {
                    "Type": "Ordinary",
                    "Source": null
                  },
                  {
                    "Character": "0",
                    "TextStyle": null,
                    "IsDefaultTextStyle": true,
                    "IsTextSymbol": false,
                    "Type": "Ordinary",
                    "Source": {
                      "Start": 34,
                      "End": 35,
                      "Length": 1,
                      "Source": "f(x) = \\cases{1/3 & if \\thinspace 0\\le x\\le 1;\\cr 2/3 & if \\thinspace 3\\le x \\le 4; \\cr 0 & elsewhere.\\cr}"
                    }
                  },
                  {
                    "IsDelimeter": false,
                    "Name": "le",
                    "IsTextSymbol": false,
                    "Type": "Relation",
                    "Source": {
                      "Start": 36,
                      "End": 38,
                      "Length": 2,
                      "Source": "f(x) = \\cases{1/3 & if \\thinspace 0\\le x\\le 1;\\cr 2/3 & if \\thinspace 3\\le x \\le 4; \\cr 0 & elsewhere.\\cr}"
                    }
                  },
                  {
                    "Character": "x",
                    "TextStyle": null,
                    "IsDefaultTextStyle": true,
                    "IsTextSymbol": false,
                    "Type": "Ordinary",
                    "Source": {
                      "Start": 39,
                      "End": 40,
                      "Length": 1,
                      "Source": "f(x) = \\cases{1/3 & if \\thinspace 0\\le x\\le 1;\\cr 2/3 & if \\thinspace 3\\le x \\le 4; \\cr 0 & elsewhere.\\cr}"
                    }
                  },
                  {
                    "IsDelimeter": false,
                    "Name": "le",
                    "IsTextSymbol": false,
                    "Type": "Relation",
                    "Source": {
                      "Start": 41,
                      "End": 43,
                      "Length": 2,
                      "Source": "f(x) = \\cases{1/3 & if \\thinspace 0\\le x\\le 1;\\cr 2/3 & if \\thinspace 3\\le x \\le 4; \\cr 0 & elsewhere.\\cr}"
                    }
                  },
                  {
                    "Character": "1",
                    "TextStyle": null,
                    "IsDefaultTextStyle": true,
                    "IsTextSymbol": false,
                    "Type": "Ordinary",
                    "Source": {
                      "Start": 44,
                      "End": 45,
                      "Length": 1,
                      "Source": "f(x) = \\cases{1/3 & if \\thinspace 0\\le x\\le 1;\\cr 2/3 & if \\thinspace 3\\le x \\le 4; \\cr 0 & elsewhere.\\cr}"
                    }
                  },
                  {
                    "IsDelimeter": false,
                    "Name": "semicolon",
                    "IsTextSymbol": false,
                    "Type": "Punctuation",
                    "Source": {
                      "Start": 45,
                      "End": 46,
                      "Length": 1,
                      "Source": "f(x) = \\cases{1/3 & if \\thinspace 0\\le x\\le 1;\\cr 2/3 & if \\thinspace 3\\le x \\le 4; \\cr 0 & elsewhere.\\cr}"
                    }
                  }
                ],
                "Type": "Ordinary",
                "Source": {
                  "Start": 19,
                  "End": 46,
                  "Length": 27,
                  "Source": "f(x) = \\cases{1/3 & if \\thinspace 0\\le x\\le 1;\\cr 2/3 & if \\thinspace 3\\le x \\le 4; \\cr 0 & elsewhere.\\cr}"
                }
              }
            ],
            [
              {
                "PreviousAtom": null,
                "Elements": [
                  {
                    "Character": "2",
                    "TextStyle": null,
                    "IsDefaultTextStyle": true,
                    "IsTextSymbol": false,
                    "Type": "Ordinary",
                    "Source": {
                      "Start": 50,
                      "End": 51,
                      "Length": 1,
                      "Source": "f(x) = \\cases{1/3 & if \\thinspace 0\\le x\\le 1;\\cr 2/3 & if \\thinspace 3\\le x \\le 4; \\cr 0 & elsewhere.\\cr}"
                    }
                  },
                  {
                    "IsDelimeter": false,
                    "Name": "slash",
                    "IsTextSymbol": false,
                    "Type": "Ordinary",
                    "Source": {
                      "Start": 51,
                      "End": 52,
                      "Length": 1,
                      "Source": "f(x) = \\cases{1/3 & if \\thinspace 0\\le x\\le 1;\\cr 2/3 & if \\thinspace 3\\le x \\le 4; \\cr 0 & elsewhere.\\cr}"
                    }
                  },
                  {
                    "Character": "3",
                    "TextStyle": null,
                    "IsDefaultTextStyle": true,
                    "IsTextSymbol": false,
                    "Type": "Ordinary",
                    "Source": {
                      "Start": 52,
                      "End": 53,
                      "Length": 1,
                      "Source": "f(x) = \\cases{1/3 & if \\thinspace 0\\le x\\le 1;\\cr 2/3 & if \\thinspace 3\\le x \\le 4; \\cr 0 & elsewhere.\\cr}"
                    }
                  }
                ],
                "Type": "Ordinary",
                "Source": {
                  "Start": 49,
                  "End": 54,
                  "Length": 5,
                  "Source": "f(x) = \\cases{1/3 & if \\thinspace 0\\le x\\le 1;\\cr 2/3 & if \\thinspace 3\\le x \\le 4; \\cr 0 & elsewhere.\\cr}"
                }
              },
              {
                "PreviousAtom": null,
                "Elements": [
                  {
                    "Character": "i",
                    "TextStyle": null,
                    "IsDefaultTextStyle": true,
                    "IsTextSymbol": false,
                    "Type": "Ordinary",
                    "Source": {
                      "Start": 56,
                      "End": 57,
                      "Length": 1,
                      "Source": "f(x) = \\cases{1/3 & if \\thinspace 0\\le x\\le 1;\\cr 2/3 & if \\thinspace 3\\le x \\le 4; \\cr 0 & elsewhere.\\cr}"
                    }
                  },
                  {
                    "Character": "f",
                    "TextStyle": null,
                    "IsDefaultTextStyle": true,
                    "IsTextSymbol": false,
                    "Type": "Ordinary",
                    "Source": {
                      "Start": 57,
                      "End": 58,
                      "Length": 1,
                      "Source": "f(x) = \\cases{1/3 & if \\thinspace 0\\le x\\le 1;\\cr 2/3 & if \\thinspace 3\\le x \\le 4; \\cr 0 & elsewhere.\\cr}"
                    }
                  },
                  {
                    "Type": "Ordinary",
                    "Source": null
                  },
                  {
                    "Character": "3",
                    "TextStyle": null,
                    "IsDefaultTextStyle": true,
                    "IsTextSymbol": false,
                    "Type": "Ordinary",
                    "Source": {
                      "Start": 70,
                      "End": 71,
                      "Length": 1,
                      "Source": "f(x) = \\cases{1/3 & if \\thinspace 0\\le x\\le 1;\\cr 2/3 & if \\thinspace 3\\le x \\le 4; \\cr 0 & elsewhere.\\cr}"
                    }
                  },
                  {
                    "IsDelimeter": false,
                    "Name": "le",
                    "IsTextSymbol": false,
                    "Type": "Relation",
                    "Source": {
                      "Start": 72,
                      "End": 74,
                      "Length": 2,
                      "Source": "f(x) = \\cases{1/3 & if \\thinspace 0\\le x\\le 1;\\cr 2/3 & if \\thinspace 3\\le x \\le 4; \\cr 0 & elsewhere.\\cr}"
                    }
                  },
                  {
                    "Character": "x",
                    "TextStyle": null,
                    "IsDefaultTextStyle": true,
                    "IsTextSymbol": false,
                    "Type": "Ordinary",
                    "Source": {
                      "Start": 75,
                      "End": 76,
                      "Length": 1,
                      "Source": "f(x) = \\cases{1/3 & if \\thinspace 0\\le x\\le 1;\\cr 2/3 & if \\thinspace 3\\le x \\le 4; \\cr 0 & elsewhere.\\cr}"
                    }
                  },
                  {
                    "IsDelimeter": false,
                    "Name": "le",
                    "IsTextSymbol": false,
                    "Type": "Relation",
                    "Source": {
                      "Start": 78,
                      "End": 80,
                      "Length": 2,
                      "Source": "f(x) = \\cases{1/3 & if \\thinspace 0\\le x\\le 1;\\cr 2/3 & if \\thinspace 3\\le x \\le 4; \\cr 0 & elsewhere.\\cr}"
                    }
                  },
                  {
                    "Character": "4",
                    "TextStyle": null,
                    "IsDefaultTextStyle": true,
                    "IsTextSymbol": false,
                    "Type": "Ordinary",
                    "Source": {
                      "Start": 81,
                      "End": 82,
                      "Length": 1,
                      "Source": "f(x) = \\cases{1/3 & if \\thinspace 0\\le x\\le 1;\\cr 2/3 & if \\thinspace 3\\le x \\le 4; \\cr 0 & elsewhere.\\cr}"
                    }
                  },
                  {
                    "IsDelimeter": false,
                    "Name": "semicolon",
                    "IsTextSymbol": false,
                    "Type": "Punctuation",
                    "Source": {
                      "Start": 82,
                      "End": 83,
                      "Length": 1,
                      "Source": "f(x) = \\cases{1/3 & if \\thinspace 0\\le x\\le 1;\\cr 2/3 & if \\thinspace 3\\le x \\le 4; \\cr 0 & elsewhere.\\cr}"
                    }
                  }
                ],
                "Type": "Ordinary",
                "Source": {
                  "Start": 55,
                  "End": 84,
                  "Length": 29,
                  "Source": "f(x) = \\cases{1/3 & if \\thinspace 0\\le x\\le 1;\\cr 2/3 & if \\thinspace 3\\le x \\le 4; \\cr 0 & elsewhere.\\cr}"
                }
              }
            ],
            [
              {
                "Character": "0",
                "TextStyle": null,
                "IsDefaultTextStyle": true,
                "IsTextSymbol": false,
                "Type": "Ordinary",
                "Source": {
                  "Start": 88,
                  "End": 89,
                  "Length": 1,
                  "Source": "f(x) = \\cases{1/3 & if \\thinspace 0\\le x\\le 1;\\cr 2/3 & if \\thinspace 3\\le x \\le 4; \\cr 0 & elsewhere.\\cr}"
                }
              },
              {
                "PreviousAtom": null,
                "Elements": [
                  {
                    "Character": "e",
                    "TextStyle": null,
                    "IsDefaultTextStyle": true,
                    "IsTextSymbol": false,
                    "Type": "Ordinary",
                    "Source": {
                      "Start": 92,
                      "End": 93,
                      "Length": 1,
                      "Source": "f(x) = \\cases{1/3 & if \\thinspace 0\\le x\\le 1;\\cr 2/3 & if \\thinspace 3\\le x \\le 4; \\cr 0 & elsewhere.\\cr}"
                    }
                  },
                  {
                    "Character": "l",
                    "TextStyle": null,
                    "IsDefaultTextStyle": true,
                    "IsTextSymbol": false,
                    "Type": "Ordinary",
                    "Source": {
                      "Start": 93,
                      "End": 94,
                      "Length": 1,
                      "Source": "f(x) = \\cases{1/3 & if \\thinspace 0\\le x\\le 1;\\cr 2/3 & if \\thinspace 3\\le x \\le 4; \\cr 0 & elsewhere.\\cr}"
                    }
                  },
                  {
                    "Character": "s",
                    "TextStyle": null,
                    "IsDefaultTextStyle": true,
                    "IsTextSymbol": false,
                    "Type": "Ordinary",
                    "Source": {
                      "Start": 94,
                      "End": 95,
                      "Length": 1,
                      "Source": "f(x) = \\cases{1/3 & if \\thinspace 0\\le x\\le 1;\\cr 2/3 & if \\thinspace 3\\le x \\le 4; \\cr 0 & elsewhere.\\cr}"
                    }
                  },
                  {
                    "Character": "e",
                    "TextStyle": null,
                    "IsDefaultTextStyle": true,
                    "IsTextSymbol": false,
                    "Type": "Ordinary",
                    "Source": {
                      "Start": 95,
                      "End": 96,
                      "Length": 1,
                      "Source": "f(x) = \\cases{1/3 & if \\thinspace 0\\le x\\le 1;\\cr 2/3 & if \\thinspace 3\\le x \\le 4; \\cr 0 & elsewhere.\\cr}"
                    }
                  },
                  {
                    "Character": "w",
                    "TextStyle": null,
                    "IsDefaultTextStyle": true,
                    "IsTextSymbol": false,
                    "Type": "Ordinary",
                    "Source": {
                      "Start": 96,
                      "End": 97,
                      "Length": 1,
                      "Source": "f(x) = \\cases{1/3 & if \\thinspace 0\\le x\\le 1;\\cr 2/3 & if \\thinspace 3\\le x \\le 4; \\cr 0 & elsewhere.\\cr}"
                    }
                  },
                  {
                    "Character": "h",
                    "TextStyle": null,
                    "IsDefaultTextStyle": true,
                    "IsTextSymbol": false,
                    "Type": "Ordinary",
                    "Source": {
                      "Start": 97,
                      "End": 98,
                      "Length": 1,
                      "Source": "f(x) = \\cases{1/3 & if \\thinspace 0\\le x\\le 1;\\cr 2/3 & if \\thinspace 3\\le x \\le 4; \\cr 0 & elsewhere.\\cr}"
                    }
                  },
                  {
                    "Character": "e",
                    "TextStyle": null,
                    "IsDefaultTextStyle": true,
                    "IsTextSymbol": false,
                    "Type": "Ordinary",
                    "Source": {
                      "Start": 98,
                      "End": 99,
                      "Length": 1,
                      "Source": "f(x) = \\cases{1/3 & if \\thinspace 0\\le x\\le 1;\\cr 2/3 & if \\thinspace 3\\le x \\le 4; \\cr 0 & elsewhere.\\cr}"
                    }
                  },
                  {
                    "Character": "r",
                    "TextStyle": null,
                    "IsDefaultTextStyle": true,
                    "IsTextSymbol": false,
                    "Type": "Ordinary",
                    "Source": {
                      "Start": 99,
                      "End": 100,
                      "Length": 1,
                      "Source": "f(x) = \\cases{1/3 & if \\thinspace 0\\le x\\le 1;\\cr 2/3 & if \\thinspace 3\\le x \\le 4; \\cr 0 & elsewhere.\\cr}"
                    }
                  },
                  {
                    "Character": "e",
                    "TextStyle": null,
                    "IsDefaultTextStyle": true,
                    "IsTextSymbol": false,
                    "Type": "Ordinary",
                    "Source": {
                      "Start": 100,
                      "End": 101,
                      "Length": 1,
                      "Source": "f(x) = \\cases{1/3 & if \\thinspace 0\\le x\\le 1;\\cr 2/3 & if \\thinspace 3\\le x \\le 4; \\cr 0 & elsewhere.\\cr}"
                    }
                  },
                  {
                    "IsDelimeter": false,
                    "Name": "normaldot",
                    "IsTextSymbol": false,
                    "Type": "Ordinary",
                    "Source": {
                      "Start": 101,
                      "End": 102,
                      "Length": 1,
                      "Source": "f(x) = \\cases{1/3 & if \\thinspace 0\\le x\\le 1;\\cr 2/3 & if \\thinspace 3\\le x \\le 4; \\cr 0 & elsewhere.\\cr}"
                    }
                  }
                ],
                "Type": "Ordinary",
                "Source": {
                  "Start": 91,
                  "End": 102,
                  "Length": 11,
                  "Source": "f(x) = \\cases{1/3 & if \\thinspace 0\\le x\\le 1;\\cr 2/3 & if \\thinspace 3\\le x \\le 4; \\cr 0 & elsewhere.\\cr}"
                }
              }
            ]
          ],
          "VerticalPadding": 0.35,
          "HorizontalPadding": 0.35,
          "MatrixCellAlignment": "Left",
          "Type": "Ordinary",
          "Source": {
            "Start": 14,
            "End": 105,
            "Length": 91,
            "Source": "f(x) = \\cases{1/3 & if \\thinspace 0\\le x\\le 1;\\cr 2/3 & if \\thinspace 3\\le x \\le 4; \\cr 0 & elsewhere.\\cr}"
          }
        },
        "Type": "Ordinary",
        "Source": {
          "Start": 14,
          "End": 105,
          "Length": 91,
          "Source": "f(x) = \\cases{1/3 & if \\thinspace 0\\le x\\le 1;\\cr 2/3 & if \\thinspace 3\\le x \\le 4; \\cr 0 & elsewhere.\\cr}"
        }
      }
    ],
    "Type": "Ordinary",
    "Source": {
      "Start": 7,
      "End": 112,
      "Length": 105,
      "Source": "f(x) = \\cases{1/3 & if \\thinspace 0\\le x\\le 1;\\cr 2/3 & if \\thinspace 3\\le x \\le 4; \\cr 0 & elsewhere.\\cr}"
    }
  }
}