{
  "TextStyle": null,
  "RootAtom": {
    "RowAtom": {
      "PreviousAtom": null,
      "Elements": [
        {
          "Character": "x",
          "TextStyle": null,
          "IsDefaultTextStyle": true,
          "IsTextSymbol": false,
          "Type": "Ordinary",
          "Source": {
            "Start": 28,
            "End": 29,
            "Length": 1,
            "Source": "\\colorbox [gray] {0.5, 0.1} x"
          }
        }
      ],
      "Type": "Ordinary",
      "Source": {
        "Start": 1,
        "End": 29,
        "Length": 28,
        "Source": "\\colorbox [gray] {0.5, 0.1} x"
      }
    },
    "Background": "#1A808080",
    "Foreground": null,
    "Type": "Ordinary",
    "Source": {
      "Start": 1,
      "End": 29,
      "Length": 28,
      "Source": "\\colorbox [gray] {0.5, 0.1} x"
    }
  }
}