{
  "TextStyle": null,
  "RootAtom": {
    "Atom": {
      "PreviousAtom": null,
      "Elements": [],
      "Type": "Ordinary"
    },
    "LeftType": "Ordinary",
    "RightType": "Ordinary",
    "Type": "Ordinary"
  }
}